Microchip MPLAB XC8 Compiler V2.05 ()

Linker command line:

-W-3 --edf=C:\Program Files (x86)\Microchip\xc8\v2.05\pic\dat\en_msgs.txt \
  -cs -h+dist/default/production\LED_blink.X.production.sym \
  --cmf=dist/default/production\LED_blink.X.production.cmf -z -w9 \
  --disl=596:off --norlf -Q18F27K42 \
  -oC:\Users\grabi\AppData\Local\Temp\s6bc.2 --defsym=__MPLAB_BUILD=1 \
  -Mdist/default/production/LED_blink.X.production.map -E1 -ver=XC8 \
  --acfsm=1493 -ACODE=00h-01FFFFh -ACONST=00h-01FFFFh \
  -ASMALLCONST=02000h-020FFhx480 \
  -AMEDIUMCONST=02000h-0FFFFh,012000h-01FFFFh -ACOMRAM=01h-05Fh \
  -AABS1=00h-01FFFh -ABIGRAM=01h-01FFFh -ARAM=060h-0FFh,0100h-01FFhx31 \
  -ABANK0=060h-0FFh -ABANK1=0100h-01FFh -ABANK2=0200h-02FFh \
  -ABANK3=0300h-03FFh -ABANK4=0400h-04FFh -ABANK5=0500h-05FFh \
  -ABANK6=0600h-06FFh -ABANK7=0700h-07FFh -ABANK8=0800h-08FFh \
  -ABANK9=0900h-09FFh -ABANK10=0A00h-0AFFh -ABANK11=0B00h-0BFFh \
  -ABANK12=0C00h-0CFFh -ABANK13=0D00h-0DFFh -ABANK14=0E00h-0EFFh \
  -ABANK15=0F00h-0FFFh -ABANK16=01000h-010FFh -ABANK17=01100h-011FFh \
  -ABANK18=01200h-012FFh -ABANK19=01300h-013FFh -ABANK20=01400h-014FFh \
  -ABANK21=01500h-015FFh -ABANK22=01600h-016FFh -ABANK23=01700h-017FFh \
  -ABANK24=01800h-018FFh -ABANK25=01900h-019FFh -ABANK26=01A00h-01AFFh \
  -ABANK27=01B00h-01BFFh -ABANK28=01C00h-01CFFh -ABANK29=01D00h-01DFFh \
  -ABANK30=01E00h-01EFFh -ABANK31=01F00h-01FFFh \
  -ASFR=03800h-038FFhx7,03F00h-03F5Fh,03F60h-03FFFh -preset_vec=00h \
  -ppowerup=CODE,init -pramtop=02000h -psmallconst=SMALLCONST \
  -pmediumconst=MEDIUMCONST -pconst=CONST -AFARRAM=00h-00h \
  -ACONFIG=0300000h-0300009h -pconfig=CONFIG -AIDLOC=0200000h-020000Fh \
  -pidloc=IDLOC -AEEDATA=0310000h-03103FFh -peeprom_data=EEDATA \
  -prdata=COMRAM,nvrram=COMRAM,nvbit=COMRAM,rbss=COMRAM,rbit=COMRAM \
  -pfarbss=FARRAM,fardata=FARRAM,nvFARRAM=FARRAM \
  -pintsave_regs=BIGRAM,bigbss=BIGRAM,bigdata=BIGRAM -pbss=RAM \
  -pidata=CODE,irdata=CODE,ibigdata=CODE,ifardata=CODE \
  C:\Users\grabi\AppData\Local\Temp\s6bc.o \
  dist/default/production\LED_blink.X.production.o 

Object code version is 3.11

Machine type is 18F27K42

Call graph: (short form)




                Name                               Link     Load   Length Selector   Space Scale
C:\Users\grabi\AppData\Local\Temp\s6bc.o
                init                              1FFFC    1FFFC        4     FFFE       0
                reset_vec                             0        0        4        0       0
dist/default/production\LED_blink.X.production.o
                smallconst                         2000     2000       16     1000       0
                ivt0x8                             20E6     20E6       A6     100B       0
                text4                              2016     2016       D0     100B       0
                text3                              2290     2290       1A     100B       0
                text2                              22AA     22AA       18     100B       0
                text1                              2210     2210       5A     100B       0
                text0                              218C     218C       84     100B       0
                cstackCOMRAM                          1        1        B        1       1
                bssCOMRAM                             C        C        8        1       1
                cinit                              226A     226A       26     100B       0

TOTAL           Name                               Link     Load   Length     Space
        CLASS   CODE           
                init                              1FFFC    1FFFC        4         0
                reset_vec                             0        0        4         0
                ivt0x8                             20E6     20E6       A6         0
                text4                              2016     2016       D0         0
                text3                              2290     2290       1A         0
                text2                              22AA     22AA       18         0
                text1                              2210     2210       5A         0
                text0                              218C     218C       84         0
                cinit                              226A     226A       26         0

        CLASS   CONST          

        CLASS   SMALLCONST     
                smallconst                         2000     2000       16         0

        CLASS   MEDIUMCONST    

        CLASS   COMRAM         
                cstackCOMRAM                          1        1        B         1
                bssCOMRAM                             C        C        8         1

        CLASS   ABS1           

        CLASS   BIGRAM         

        CLASS   RAM            

        CLASS   BANK0          

        CLASS   BANK1          

        CLASS   BANK2          

        CLASS   BANK3          

        CLASS   BANK4          

        CLASS   BANK5          

        CLASS   BANK6          

        CLASS   BANK7          

        CLASS   BANK8          

        CLASS   BANK9          

        CLASS   BANK10         

        CLASS   BANK11         

        CLASS   BANK12         

        CLASS   BANK13         

        CLASS   BANK14         

        CLASS   BANK15         

        CLASS   BANK16         

        CLASS   BANK17         

        CLASS   BANK18         

        CLASS   BANK19         

        CLASS   BANK20         

        CLASS   BANK21         

        CLASS   BANK22         

        CLASS   BANK23         

        CLASS   BANK24         

        CLASS   BANK25         

        CLASS   BANK26         

        CLASS   BANK27         

        CLASS   BANK28         

        CLASS   BANK29         

        CLASS   BANK30         

        CLASS   BANK31         

        CLASS   SFR            

        CLASS   FARRAM         

        CLASS   CONFIG         

        CLASS   IDLOC          

        CLASS   EEDATA         

        CLASS   STACK          



SEGMENTS        Name                           Load    Length   Top    Selector   Space  Class

                reset_vec                      000000  000004  000004         0       0  CODE    
                cstackCOMRAM                   000001  000013  000014         1       1  COMRAM  
                smallconst                     002000  000016  002016      1000       0  SMALLCON
                text4                          002016  0002AC  0022C2      100B       0  CODE    
                init                           01FFFC  000004  020000      FFFE       0  CODE    


UNUSED ADDRESS RANGES

        Name                Unused          Largest block    Delta
        BANK0            00060-000FF              A0
        BANK1            00100-001FF             100
        BANK10           00A00-00AFF             100
        BANK11           00B00-00BFF             100
        BANK12           00C00-00CFF             100
        BANK13           00D00-00DFF             100
        BANK14           00E00-00EFF             100
        BANK15           00F00-00FFF             100
        BANK16           01000-010FF             100
        BANK17           01100-011FF             100
        BANK18           01200-012FF             100
        BANK19           01300-013FF             100
        BANK2            00200-002FF             100
        BANK20           01400-014FF             100
        BANK21           01500-015FF             100
        BANK22           01600-016FF             100
        BANK23           01700-017FF             100
        BANK24           01800-018FF             100
        BANK25           01900-019FF             100
        BANK26           01A00-01AFF             100
        BANK27           01B00-01BFF             100
        BANK28           01C00-01CFF             100
        BANK29           01D00-01DFF             100
        BANK3            00300-003FF             100
        BANK30           01E00-01EFF             100
        BANK31           01F00-01FFF             100
        BANK4            00400-004FF             100
        BANK5            00500-005FF             100
        BANK6            00600-006FF             100
        BANK7            00700-007FF             100
        BANK8            00800-008FF             100
        BANK9            00900-009FF             100
        BIGRAM           00014-01FFF            1FEC
        CODE             00004-01FFF            1FFC
                         022C2-1FFFB           1DD3A
        COMRAM           00014-0005F              4C
        CONFIG           300000-300009               A
        CONST            00004-01FFF            1FFC
                         022C2-1FFFB           1DD3A
        EEDATA           310000-3103FF             400
        IDLOC            200000-20000F              10
        MEDIUMCONST      022C2-0FFFF            DD3E
                         12000-1FFFB            DFFC
        RAM              00060-01FFF             100
        SFR              03800-03FFF             100
        SMALLCONST       022C2-1FFFB             100

                                  Symbol Table

__CFG_BBEN$OFF                 (abs)        00000
__CFG_BBSIZE$BBSIZE_512        (abs)        00000
__CFG_BOREN$SBORDIS            (abs)        00000
__CFG_BORV$VBOR_2P45           (abs)        00000
__CFG_CLKOUTEN$OFF             (abs)        00000
__CFG_CP$OFF                   (abs)        00000
__CFG_CSWEN$ON                 (abs)        00000
__CFG_DEBUG$OFF                (abs)        00000
__CFG_FCMEN$ON                 (abs)        00000
__CFG_FEXTOSC$OFF              (abs)        00000
__CFG_IVT1WAY$ON               (abs)        00000
__CFG_LPBOREN$OFF              (abs)        00000
__CFG_LVP$OFF                  (abs)        00000
__CFG_MCLRE$INTMCLR            (abs)        00000
__CFG_MVECEN$ON                (abs)        00000
__CFG_PPS1WAY$ON               (abs)        00000
__CFG_PR1WAY$ON                (abs)        00000
__CFG_PWRTS$PWRT_1             (abs)        00000
__CFG_RSTOSC$HFINTOSC_64MHZ    (abs)        00000
__CFG_SAFEN$OFF                (abs)        00000
__CFG_STVREN$ON                (abs)        00000
__CFG_WDTCCS$SC                (abs)        00000
__CFG_WDTCPS$WDTCPS_31         (abs)        00000
__CFG_WDTCWS$WDTCWS_7          (abs)        00000
__CFG_WDTE$OFF                 (abs)        00000
__CFG_WRTAPP$OFF               (abs)        00000
__CFG_WRTB$OFF                 (abs)        00000
__CFG_WRTC$OFF                 (abs)        00000
__CFG_WRTD$OFF                 (abs)        00000
__CFG_WRTSAF$OFF               (abs)        00000
__CFG_XINST$OFF                (abs)        00000
__CFG_ZCD$OFF                  (abs)        00000
__HRAM                         (abs)        00000
__Habs1                        abs1         00000
__Hbank0                       bank0        00000
__Hbank1                       bank1        00000
__Hbank10                      bank10       00000
__Hbank11                      bank11       00000
__Hbank12                      bank12       00000
__Hbank13                      bank13       00000
__Hbank14                      bank14       00000
__Hbank15                      bank15       00000
__Hbank16                      bank16       00000
__Hbank17                      bank17       00000
__Hbank18                      bank18       00000
__Hbank19                      bank19       00000
__Hbank2                       bank2        00000
__Hbank20                      bank20       00000
__Hbank21                      bank21       00000
__Hbank22                      bank22       00000
__Hbank23                      bank23       00000
__Hbank24                      bank24       00000
__Hbank25                      bank25       00000
__Hbank26                      bank26       00000
__Hbank27                      bank27       00000
__Hbank28                      bank28       00000
__Hbank29                      bank29       00000
__Hbank3                       bank3        00000
__Hbank30                      bank30       00000
__Hbank31                      bank31       00000
__Hbank4                       bank4        00000
__Hbank5                       bank5        00000
__Hbank6                       bank6        00000
__Hbank7                       bank7        00000
__Hbank8                       bank8        00000
__Hbank9                       bank9        00000
__Hbigbss                      bigbss       00000
__Hbigdata                     bigdata      00000
__Hbigram                      bigram       00000
__Hbss                         bss          00000
__HbssCOMRAM                   bssCOMRAM    00000
__Hcinit                       cinit        00000
__Hclrtext                     clrtext      00000
__Hcomram                      comram       00000
__Hconfig                      config       00000
__Hconst                       const        00000
__HcstackCOMRAM                cstackCOMRAM 00000
__Hdata                        data         00000
__Heeprom_data                 eeprom_data  00000
__Hfarbss                      farbss       00000
__Hfardata                     fardata      00000
__Hibigdata                    ibigdata     00000
__Hidata                       idata        00000
__Hidloc                       idloc        00000
__Hifardata                    ifardata     00000
__Hintsave_regs                intsave_regs 00000
__Hirdata                      irdata       00000
__Hivt0x8                      ivt0x8       00000
__Hmediumconst                 mediumconst  00000
__HnvFARRAM                    nvFARRAM     00000
__Hnvbit                       nvbit        00000
__Hnvrram                      nvrram       00000
__Hparam                       rparam       00000
__Hpowerup                     powerup      00000
__Hram                         ram          00000
__Hrbit                        rbit         00000
__Hrbss                        rbss         00000
__Hrdata                       rdata        00000
__Hrparam                      rparam       00000
__Hsfr                         sfr          00000
__Hspace_2                     (abs)        00000
__Hstack                       stack        00000
__Hstruct                      struct       00000
__Htemp                        temp         00000
__Htext                        text         00000
__Htext0                       text0        00000
__Htext1                       text1        00000
__Htext2                       text2        00000
__Htext3                       text3        00000
__Htext4                       text4        00000
__Labs1                        abs1         00000
__Lbank0                       bank0        00000
__Lbank1                       bank1        00000
__Lbank10                      bank10       00000
__Lbank11                      bank11       00000
__Lbank12                      bank12       00000
__Lbank13                      bank13       00000
__Lbank14                      bank14       00000
__Lbank15                      bank15       00000
__Lbank16                      bank16       00000
__Lbank17                      bank17       00000
__Lbank18                      bank18       00000
__Lbank19                      bank19       00000
__Lbank2                       bank2        00000
__Lbank20                      bank20       00000
__Lbank21                      bank21       00000
__Lbank22                      bank22       00000
__Lbank23                      bank23       00000
__Lbank24                      bank24       00000
__Lbank25                      bank25       00000
__Lbank26                      bank26       00000
__Lbank27                      bank27       00000
__Lbank28                      bank28       00000
__Lbank29                      bank29       00000
__Lbank3                       bank3        00000
__Lbank30                      bank30       00000
__Lbank31                      bank31       00000
__Lbank4                       bank4        00000
__Lbank5                       bank5        00000
__Lbank6                       bank6        00000
__Lbank7                       bank7        00000
__Lbank8                       bank8        00000
__Lbank9                       bank9        00000
__Lbigbss                      bigbss       00000
__Lbigdata                     bigdata      00000
__Lbigram                      bigram       00000
__Lbss                         bss          00000
__LbssCOMRAM                   bssCOMRAM    00000
__Lcinit                       cinit        00000
__Lclrtext                     clrtext      00000
__Lcomram                      comram       00000
__Lconfig                      config       00000
__Lconst                       const        00000
__LcstackCOMRAM                cstackCOMRAM 00000
__Ldata                        data         00000
__Leeprom_data                 eeprom_data  00000
__Lfarbss                      farbss       00000
__Lfardata                     fardata      00000
__Libigdata                    ibigdata     00000
__Lidata                       idata        00000
__Lidloc                       idloc        00000
__Lifardata                    ifardata     00000
__Lintsave_regs                intsave_regs 00000
__Lirdata                      irdata       00000
__Livt0x8                      ivt0x8       00000
__Lmediumconst                 mediumconst  00000
__LnvFARRAM                    nvFARRAM     00000
__Lnvbit                       nvbit        00000
__Lnvrram                      nvrram       00000
__Lparam                       rparam       00000
__Lpowerup                     powerup      00000
__Lram                         ram          00000
__Lrbit                        rbit         00000
__Lrbss                        rbss         00000
__Lrdata                       rdata        00000
__Lreset_vec                   reset_vec    00000
__Lrparam                      rparam       00000
__Lsfr                         sfr          00000
__Lspace_0                     (abs)        00000
__Lspace_1                     (abs)        00000
__Lspace_2                     (abs)        00000
__Lstack                       stack        00000
__Lstruct                      struct       00000
__Ltemp                        temp         00000
__Ltext                        text         00000
__Ltext0                       text0        00000
__Ltext1                       text1        00000
__Ltext2                       text2        00000
__Ltext3                       text3        00000
__Ltext4                       text4        00000
___inthi_sp                    stack        00000
___intlo_sp                    stack        00000
___param_bank                  (abs)        00000
___sp                          stack        00000
__mediumconst                  mediumconst  00000
__size_of_U1RX_ISR             (abs)        00000
__size_of_main                 (abs)        00000
__size_of_state_is_frame_ready (abs)        00000
__size_of_state_reset          (abs)        00000
__size_of_state_rx_byte        (abs)        00000
_answer_call_handler                             
_dupa                          (abs)        00000
intlevel0                      text         00000
intlevel1                      text         00000
intlevel2                      text         00000
intlevel3                      text         00000
__LRAM                         (abs)        00001
___rparam_used                 (abs)        00001
__activetblptr                 (abs)        00001
__pcstackCOMRAM                cstackCOMRAM 00001
_answer_call_handler$0         cstackCOMRAM 00001
_answer_call_handler$1         cstackCOMRAM 00003
__Hreset_vec                   reset_vec    00004
_answer_call_handler$2         cstackCOMRAM 00004
U1RX_ISR@znak                  cstackCOMRAM 00005
_Handler                       bssCOMRAM    0000C
__pbssCOMRAM                   bssCOMRAM    0000C
_rx_state                      bssCOMRAM    00010
__Hspace_1                     (abs)        00014
__S1                           (abs)        00014
__accesstop                    (abs)        00060
__Hramtop                      ramtop       02000
__Lramtop                      ramtop       02000
__Lsmallconst                  smallconst   02000
__psmallconst                  smallconst   02000
__ramtop                       ramtop       02000
__smallconst                   smallconst   02000
_handlers                      smallconst   02001
__end_of_handlers              smallconst   02015
__Hsmallconst                  smallconst   02016
__ptext4                       text4        02016
_state_rx_byte                 text4        02016
__end_of_state_rx_byte         text4        020E6
__pivt0x8                      ivt0x8       020E6
__ptext0                       text0        0218C
_main                          text0        0218C
__end_of_main                  text0        02210
__ptext1                       text1        02210
_state_reset                   text1        02210
__end_of_state_reset           text1        0226A
__initialization               cinit        0226A
__pcinit                       cinit        0226A
__end_of__initialization       cinit        02282
_U1RX_ISR                      text3        02290
__ptext3                       text3        02290
__end_of_U1RX_ISR              text3        022AA
__ptext2                       text2        022AA
_state_is_frame_ready          text2        022AA
__end_of_state_is_frame_ready  text2        022C2
_PIE3bits                      (abs)        03993
_RB2PPS                        (abs)        03A0A
_RC6PPS                        (abs)        03A16
_ANSELBbits                    (abs)        03A50
_ANSELCbits                    (abs)        03A60
_U1RXPPS                       (abs)        03AE5
_U1CTSPPS                      (abs)        03AE6
_U1RXB                         (abs)        03DE8
_U1TXB                         (abs)        03DEA
_U1CON0bits                    (abs)        03DF2
_U1CON1bits                    (abs)        03DF3
_U1CON2bits                    (abs)        03DF4
_U1BRGL                        (abs)        03DF5
_U1BRGH                        (abs)        03DF6
_LATBbits                      (abs)        03FBB
_LATCbits                      (abs)        03FBC
_TRISBbits                     (abs)        03FC3
_TRISCbits                     (abs)        03FC4
_INTCON0bits                   (abs)        03FD2
IVTBASEL                       (abs)        03FD5
IVTBASEH                       (abs)        03FD6
IVTBASEU                       (abs)        03FD7
_U1RXIF                        (abs)        1CD1B
_U1TXIF                        (abs)        1CD1C
__Linit                        init         1FFFC
__Hinit                        init         20000
__Hspace_0                     (abs)        20000
__S0                           (abs)        20000
end_of_initialization          cinit        02282
ivt0x8_base                    ivt0x8       020E6
ivt0x8_undefint                ivt0x8       0218A
stackhi                        (abs)        00000
stacklo                        (abs)        00000
state_rx_byte@st               cstackCOMRAM 00001
state_rx_byte@ch               cstackCOMRAM 00003
state_is_frame_ready@st        cstackCOMRAM 00006
state_reset@st                 cstackCOMRAM 00006
state_reset@i                  cstackCOMRAM 0000A
start_initialization           cinit        0226A
start                          init         1FFFC
